// Jest Snapshot v1, https://goo.gl/fbAQLP

exports[`testing BasketCart component 1`] = `
<Provider
  store={
    Object {
      "clearActions": [Function],
      "dispatch": [Function],
      "getActions": [Function],
      "getState": [Function],
      "replaceReducer": [Function],
      "subscribe": [Function],
    }
  }
>
  <BrowserRouter>
    <Router
      history={
        Object {
          "action": "POP",
          "block": [Function],
          "createHref": [Function],
          "go": [Function],
          "goBack": [Function],
          "goForward": [Function],
          "length": 1,
          "listen": [Function],
          "location": Object {
            "hash": "",
            "pathname": "/",
            "search": "",
            "state": undefined,
          },
          "push": [Function],
          "replace": [Function],
        }
      }
    >
      <Connect(BasketCart)>
        <BasketCart
          dispatch={[Function]}
          totalBasketCount={1}
          totalPrice={823}
        >
          <div
            className="cart"
          >
            <div
              className="dropdown"
            >
              <Link
                className="btn btn-inverse btn-block btn-lg"
                id="dLabel"
                to="/basket"
              >
                <LinkAnchor
                  className="btn btn-inverse btn-block btn-lg"
                  href="/basket"
                  id="dLabel"
                  navigate={[Function]}
                >
                  <a
                    className="btn btn-inverse btn-block btn-lg"
                    href="/basket"
                    id="dLabel"
                    onClick={[Function]}
                  >
                    <span
                      className="icon anime"
                    >
                      <i
                        className="fa fa-shopping-cart"
                      />
                    </span>
                    <span
                      className="price-info"
                    >
                      1
                       item(s) - $
                      823
                    </span>
                  </a>
                </LinkAnchor>
              </Link>
            </div>
          </div>
        </BasketCart>
      </Connect(BasketCart)>
    </Router>
  </BrowserRouter>
</Provider>
`;
