// Jest Snapshot v1, https://goo.gl/fbAQLP

exports[`Layout test component 1`] = `
<div
  className="view-container"
>
  <div
    className="container"
  >
    <div
      className="row"
    >
      <div
        className="header"
      >
        <h1>
          Mobile Store
        </h1>
      </div>
    </div>
    <div
      className="row"
    >
      <div
        className="col-md-5 col-lg-3"
      >
        <Sidebar />
      </div>
      <div
        className="col-md-7 col-lg-9"
      />
    </div>
  </div>
</div>
`;
